[INFO] Scanning for projects...
[INFO] 
[INFO] -------------------------< com.N1etZsch3:Novi >-------------------------
[INFO] Building Novi 0.0.1-SNAPSHOT
[INFO]   from pom.xml
[INFO] --------------------------------[ jar ]---------------------------------
[INFO] 
[INFO] --- clean:3.4.1:clean (default-clean) @ Novi ---
[INFO] Deleting C:\Study\Novi\target
[INFO] 
[INFO] --- resources:3.3.1:resources (default-resources) @ Novi ---
[INFO] Copying 1 resource from src\main\resources to target\classes
[INFO] Copying 10 resources from src\main\resources to target\classes
[INFO] 
[INFO] --- compiler:3.14.1:compile (default-compile) @ Novi ---
[INFO] Recompiling the module because of changed source code.
[INFO] Compiling 66 source files with javac [debug parameters release 21] to target\classes
[INFO] ------------------------------------------------------------------------
[INFO] BUILD SUCCESS
[INFO] ------------------------------------------------------------------------
[INFO] Total time:  4.683 s
[INFO] Finished at: 2025-11-29T21:27:50+08:00
[INFO] ------------------------------------------------------------------------
